------------------------------------------------------------
TimeQuest Timing Analyzer Summary
------------------------------------------------------------

Type  : Slow 1100mV 85C Model Setup 'clock_50'
Slack : -8.058
TNS   : -430.939

Type  : Slow 1100mV 85C Model Setup 'topo_COUNTERS:L1|FSM_Clock:L0|CLK1'
Slack : -6.656
TNS   : -2416.028

Type  : Slow 1100mV 85C Model Hold 'topo_COUNTERS:L1|FSM_Clock:L0|CLK1'
Slack : -6.554
TNS   : -2373.120

Type  : Slow 1100mV 85C Model Hold 'clock_50'
Slack : -0.458
TNS   : -0.458

Type  : Slow 1100mV 85C Model Recovery 'topo_COUNTERS:L1|FSM_Clock:L0|CLK1'
Slack : -5.873
TNS   : -2932.835

Type  : Slow 1100mV 85C Model Recovery 'FSM_Control:L4|CS.E1'
Slack : -4.621
TNS   : -52.068

Type  : Slow 1100mV 85C Model Recovery 'clock_50'
Slack : -1.684
TNS   : -18.256

Type  : Slow 1100mV 85C Model Removal 'topo_COUNTERS:L1|FSM_Clock:L0|CLK1'
Slack : -5.482
TNS   : -2868.290

Type  : Slow 1100mV 85C Model Removal 'clock_50'
Slack : 1.318
TNS   : 0.000

Type  : Slow 1100mV 85C Model Removal 'FSM_Control:L4|CS.E1'
Slack : 2.301
TNS   : 0.000

Type  : Slow 1100mV 85C Model Minimum Pulse Width 'topo_COUNTERS:L1|FSM_Clock:L0|CLK1'
Slack : -2.770
TNS   : -4540.855

Type  : Slow 1100mV 85C Model Minimum Pulse Width 'clock_50'
Slack : -0.643
TNS   : -98.549

Type  : Slow 1100mV 85C Model Minimum Pulse Width 'FSM_Control:L4|CS.E1'
Slack : 0.217
TNS   : 0.000

Type  : Slow 1100mV 0C Model Setup 'clock_50'
Slack : -7.861
TNS   : -429.198

Type  : Slow 1100mV 0C Model Setup 'topo_COUNTERS:L1|FSM_Clock:L0|CLK1'
Slack : -6.547
TNS   : -2450.224

Type  : Slow 1100mV 0C Model Hold 'topo_COUNTERS:L1|FSM_Clock:L0|CLK1'
Slack : -6.466
TNS   : -2317.034

Type  : Slow 1100mV 0C Model Hold 'clock_50'
Slack : -0.529
TNS   : -0.529

Type  : Slow 1100mV 0C Model Recovery 'topo_COUNTERS:L1|FSM_Clock:L0|CLK1'
Slack : -5.850
TNS   : -2920.056

Type  : Slow 1100mV 0C Model Recovery 'FSM_Control:L4|CS.E1'
Slack : -4.668
TNS   : -52.383

Type  : Slow 1100mV 0C Model Recovery 'clock_50'
Slack : -1.637
TNS   : -17.644

Type  : Slow 1100mV 0C Model Removal 'topo_COUNTERS:L1|FSM_Clock:L0|CLK1'
Slack : -5.353
TNS   : -2795.677

Type  : Slow 1100mV 0C Model Removal 'clock_50'
Slack : 1.343
TNS   : 0.000

Type  : Slow 1100mV 0C Model Removal 'FSM_Control:L4|CS.E1'
Slack : 2.358
TNS   : 0.000

Type  : Slow 1100mV 0C Model Minimum Pulse Width 'topo_COUNTERS:L1|FSM_Clock:L0|CLK1'
Slack : -2.702
TNS   : -4482.034

Type  : Slow 1100mV 0C Model Minimum Pulse Width 'clock_50'
Slack : -0.645
TNS   : -107.585

Type  : Slow 1100mV 0C Model Minimum Pulse Width 'FSM_Control:L4|CS.E1'
Slack : 0.184
TNS   : 0.000

Type  : Fast 1100mV 85C Model Setup 'topo_COUNTERS:L1|FSM_Clock:L0|CLK1'
Slack : -4.151
TNS   : -1594.647

Type  : Fast 1100mV 85C Model Setup 'clock_50'
Slack : -4.117
TNS   : -177.111

Type  : Fast 1100mV 85C Model Hold 'topo_COUNTERS:L1|FSM_Clock:L0|CLK1'
Slack : -3.630
TNS   : -1166.405

Type  : Fast 1100mV 85C Model Hold 'clock_50'
Slack : -0.189
TNS   : -0.293

Type  : Fast 1100mV 85C Model Recovery 'topo_COUNTERS:L1|FSM_Clock:L0|CLK1'
Slack : -4.180
TNS   : -1703.537

Type  : Fast 1100mV 85C Model Recovery 'FSM_Control:L4|CS.E1'
Slack : -2.518
TNS   : -27.097

Type  : Fast 1100mV 85C Model Recovery 'clock_50'
Slack : -0.791
TNS   : -7.801

Type  : Fast 1100mV 85C Model Removal 'topo_COUNTERS:L1|FSM_Clock:L0|CLK1'
Slack : -3.136
TNS   : -1636.839

Type  : Fast 1100mV 85C Model Removal 'clock_50'
Slack : 0.588
TNS   : 0.000

Type  : Fast 1100mV 85C Model Removal 'FSM_Control:L4|CS.E1'
Slack : 1.449
TNS   : 0.000

Type  : Fast 1100mV 85C Model Minimum Pulse Width 'topo_COUNTERS:L1|FSM_Clock:L0|CLK1'
Slack : -1.456
TNS   : -1888.205

Type  : Fast 1100mV 85C Model Minimum Pulse Width 'clock_50'
Slack : -0.584
TNS   : -16.714

Type  : Fast 1100mV 85C Model Minimum Pulse Width 'FSM_Control:L4|CS.E1'
Slack : 0.231
TNS   : 0.000

Type  : Fast 1100mV 0C Model Setup 'topo_COUNTERS:L1|FSM_Clock:L0|CLK1'
Slack : -3.869
TNS   : -1499.922

Type  : Fast 1100mV 0C Model Setup 'clock_50'
Slack : -3.776
TNS   : -153.441

Type  : Fast 1100mV 0C Model Hold 'topo_COUNTERS:L1|FSM_Clock:L0|CLK1'
Slack : -3.517
TNS   : -1115.371

Type  : Fast 1100mV 0C Model Hold 'clock_50'
Slack : -0.367
TNS   : -0.541

Type  : Fast 1100mV 0C Model Recovery 'topo_COUNTERS:L1|FSM_Clock:L0|CLK1'
Slack : -3.876
TNS   : -1684.877

Type  : Fast 1100mV 0C Model Recovery 'FSM_Control:L4|CS.E1'
Slack : -2.419
TNS   : -26.148

Type  : Fast 1100mV 0C Model Recovery 'clock_50'
Slack : -0.669
TNS   : -6.552

Type  : Fast 1100mV 0C Model Removal 'topo_COUNTERS:L1|FSM_Clock:L0|CLK1'
Slack : -2.978
TNS   : -1552.064

Type  : Fast 1100mV 0C Model Removal 'clock_50'
Slack : 0.543
TNS   : 0.000

Type  : Fast 1100mV 0C Model Removal 'FSM_Control:L4|CS.E1'
Slack : 1.480
TNS   : 0.000

Type  : Fast 1100mV 0C Model Minimum Pulse Width 'topo_COUNTERS:L1|FSM_Clock:L0|CLK1'
Slack : -1.306
TNS   : -1701.510

Type  : Fast 1100mV 0C Model Minimum Pulse Width 'clock_50'
Slack : -0.559
TNS   : -16.750

Type  : Fast 1100mV 0C Model Minimum Pulse Width 'FSM_Control:L4|CS.E1'
Slack : 0.255
TNS   : 0.000

------------------------------------------------------------
