------------------------------------------------------------
TimeQuest Timing Analyzer Summary
------------------------------------------------------------

Type  : Slow 1100mV 85C Model Setup 'clock_50'
Slack : -8.190
TNS   : -438.086

Type  : Slow 1100mV 85C Model Setup 'topo_COUNTERS:L1|FSM_Clock:L0|CLK1'
Slack : -6.272
TNS   : -2045.480

Type  : Slow 1100mV 85C Model Hold 'topo_COUNTERS:L1|FSM_Clock:L0|CLK1'
Slack : -6.733
TNS   : -2363.282

Type  : Slow 1100mV 85C Model Hold 'clock_50'
Slack : -0.391
TNS   : -0.391

Type  : Slow 1100mV 85C Model Recovery 'FSM_Control:L4|CS.E1'
Slack : -5.945
TNS   : -52.993

Type  : Slow 1100mV 85C Model Recovery 'topo_COUNTERS:L1|FSM_Clock:L0|CLK1'
Slack : -4.804
TNS   : -2564.558

Type  : Slow 1100mV 85C Model Recovery 'clock_50'
Slack : -1.193
TNS   : -12.635

Type  : Slow 1100mV 85C Model Removal 'topo_COUNTERS:L1|FSM_Clock:L0|CLK1'
Slack : -5.459
TNS   : -2883.110

Type  : Slow 1100mV 85C Model Removal 'clock_50'
Slack : 1.090
TNS   : 0.000

Type  : Slow 1100mV 85C Model Removal 'FSM_Control:L4|CS.E1'
Slack : 2.400
TNS   : 0.000

Type  : Slow 1100mV 85C Model Minimum Pulse Width 'topo_COUNTERS:L1|FSM_Clock:L0|CLK1'
Slack : -2.443
TNS   : -4330.298

Type  : Slow 1100mV 85C Model Minimum Pulse Width 'clock_50'
Slack : -0.606
TNS   : -98.396

Type  : Slow 1100mV 85C Model Minimum Pulse Width 'FSM_Control:L4|CS.E1'
Slack : 0.287
TNS   : 0.000

Type  : Slow 1100mV 0C Model Setup 'clock_50'
Slack : -7.929
TNS   : -434.384

Type  : Slow 1100mV 0C Model Setup 'topo_COUNTERS:L1|FSM_Clock:L0|CLK1'
Slack : -6.198
TNS   : -2026.829

Type  : Slow 1100mV 0C Model Hold 'topo_COUNTERS:L1|FSM_Clock:L0|CLK1'
Slack : -6.578
TNS   : -2297.947

Type  : Slow 1100mV 0C Model Hold 'clock_50'
Slack : -0.410
TNS   : -0.447

Type  : Slow 1100mV 0C Model Recovery 'FSM_Control:L4|CS.E1'
Slack : -6.015
TNS   : -53.380

Type  : Slow 1100mV 0C Model Recovery 'topo_COUNTERS:L1|FSM_Clock:L0|CLK1'
Slack : -4.792
TNS   : -2558.270

Type  : Slow 1100mV 0C Model Recovery 'clock_50'
Slack : -1.155
TNS   : -11.847

Type  : Slow 1100mV 0C Model Removal 'topo_COUNTERS:L1|FSM_Clock:L0|CLK1'
Slack : -5.247
TNS   : -2768.317

Type  : Slow 1100mV 0C Model Removal 'clock_50'
Slack : 1.100
TNS   : 0.000

Type  : Slow 1100mV 0C Model Removal 'FSM_Control:L4|CS.E1'
Slack : 2.413
TNS   : 0.000

Type  : Slow 1100mV 0C Model Minimum Pulse Width 'topo_COUNTERS:L1|FSM_Clock:L0|CLK1'
Slack : -2.389
TNS   : -4189.498

Type  : Slow 1100mV 0C Model Minimum Pulse Width 'clock_50'
Slack : -0.605
TNS   : -108.261

Type  : Slow 1100mV 0C Model Minimum Pulse Width 'FSM_Control:L4|CS.E1'
Slack : 0.287
TNS   : 0.000

Type  : Fast 1100mV 85C Model Setup 'clock_50'
Slack : -4.441
TNS   : -181.859

Type  : Fast 1100mV 85C Model Setup 'topo_COUNTERS:L1|FSM_Clock:L0|CLK1'
Slack : -3.646
TNS   : -1324.198

Type  : Fast 1100mV 85C Model Hold 'topo_COUNTERS:L1|FSM_Clock:L0|CLK1'
Slack : -3.866
TNS   : -1235.772

Type  : Fast 1100mV 85C Model Hold 'clock_50'
Slack : -0.164
TNS   : -0.324

Type  : Fast 1100mV 85C Model Recovery 'topo_COUNTERS:L1|FSM_Clock:L0|CLK1'
Slack : -3.434
TNS   : -1480.643

Type  : Fast 1100mV 85C Model Recovery 'FSM_Control:L4|CS.E1'
Slack : -3.378
TNS   : -27.531

Type  : Fast 1100mV 85C Model Recovery 'clock_50'
Slack : -0.359
TNS   : -3.444

Type  : Fast 1100mV 85C Model Removal 'topo_COUNTERS:L1|FSM_Clock:L0|CLK1'
Slack : -3.233
TNS   : -1701.231

Type  : Fast 1100mV 85C Model Removal 'clock_50'
Slack : 0.425
TNS   : 0.000

Type  : Fast 1100mV 85C Model Removal 'FSM_Control:L4|CS.E1'
Slack : 1.579
TNS   : 0.000

Type  : Fast 1100mV 85C Model Minimum Pulse Width 'topo_COUNTERS:L1|FSM_Clock:L0|CLK1'
Slack : -1.426
TNS   : -2081.820

Type  : Fast 1100mV 85C Model Minimum Pulse Width 'clock_50'
Slack : -0.551
TNS   : -15.961

Type  : Fast 1100mV 85C Model Minimum Pulse Width 'FSM_Control:L4|CS.E1'
Slack : 0.336
TNS   : 0.000

Type  : Fast 1100mV 0C Model Setup 'clock_50'
Slack : -4.112
TNS   : -157.579

Type  : Fast 1100mV 0C Model Setup 'topo_COUNTERS:L1|FSM_Clock:L0|CLK1'
Slack : -3.370
TNS   : -1230.402

Type  : Fast 1100mV 0C Model Hold 'topo_COUNTERS:L1|FSM_Clock:L0|CLK1'
Slack : -3.736
TNS   : -1194.435

Type  : Fast 1100mV 0C Model Hold 'clock_50'
Slack : -0.289
TNS   : -0.547

Type  : Fast 1100mV 0C Model Recovery 'FSM_Control:L4|CS.E1'
Slack : -3.207
TNS   : -26.551

Type  : Fast 1100mV 0C Model Recovery 'topo_COUNTERS:L1|FSM_Clock:L0|CLK1'
Slack : -3.172
TNS   : -1472.396

Type  : Fast 1100mV 0C Model Recovery 'clock_50'
Slack : -0.259
TNS   : -2.446

Type  : Fast 1100mV 0C Model Removal 'topo_COUNTERS:L1|FSM_Clock:L0|CLK1'
Slack : -3.072
TNS   : -1614.665

Type  : Fast 1100mV 0C Model Removal 'clock_50'
Slack : 0.382
TNS   : 0.000

Type  : Fast 1100mV 0C Model Removal 'FSM_Control:L4|CS.E1'
Slack : 1.585
TNS   : 0.000

Type  : Fast 1100mV 0C Model Minimum Pulse Width 'topo_COUNTERS:L1|FSM_Clock:L0|CLK1'
Slack : -1.285
TNS   : -1876.657

Type  : Fast 1100mV 0C Model Minimum Pulse Width 'clock_50'
Slack : -0.537
TNS   : -16.297

Type  : Fast 1100mV 0C Model Minimum Pulse Width 'FSM_Control:L4|CS.E1'
Slack : 0.359
TNS   : 0.000

------------------------------------------------------------
